// Jest Snapshot v1, https://goo.gl/fbAQLP

exports[`SearchBox renders 1`] = `
<Box
  maxWidth="739px"
  width="100%"
>
  <Input
    placeholder="Search"
  />
  <Box
    padding="0 0 0 10px"
  >
    <Button>
      search
    </Button>
  </Box>
</Box>
`;
