// Jest Snapshot v1, https://goo.gl/fbAQLP

exports[`Header should render 1`] = `
<header>
  <Box
    alignItems="center"
    height="60px"
    justifyContent="center"
  >
    <Text
      color="MAIN_RED"
      fontSize="fs16"
      fontWeight="fw700"
    >
      newsfeed
    </Text>
  </Box>
</header>
`;
