// Jest Snapshot v1, https://goo.gl/fbAQLP

exports[`Headings renders H1 1`] = `
<h1>
  __CHILDREN__
</h1>
`;

exports[`Headings renders H2 1`] = `
<h2>
  __CHILDREN__
</h2>
`;

exports[`Headings renders H3 1`] = `
<h3>
  __CHILDREN__
</h3>
`;

exports[`Headings renders H4 1`] = `
<h4>
  __CHILDREN__
</h4>
`;

exports[`Headings renders H5 1`] = `
<h5>
  __CHILDREN__
</h5>
`;

exports[`Headings renders H6 1`] = `
<h6>
  __CHILDREN__
</h6>
`;
