// Jest Snapshot v1, https://goo.gl/fbAQLP

exports[`Grid should render 1`] = `
<div
  className="Grid"
  style={Object {}}
>
  <div />
</div>
`;
