// Jest Snapshot v1, https://goo.gl/fbAQLP

exports[`Home renders 1`] = `
<Fragment>
  <Header />
  <Divider />
  <Box
    flexDirection="column"
    padding="0 15px"
  >
    <Box
      alignItems="flex-start"
      grow={1}
      justifyContent="center"
      margin="20px 0"
      width="100%"
    >
      <SearchBar />
    </Box>
    <ProductCard />
  </Box>
</Fragment>
`;
