// Jest Snapshot v1, https://goo.gl/fbAQLP

exports[`Home should render 1`] = `
<Fragment>
  <Header />
  <Divider />
  <Box
    flexDirection="column"
    marginBottom="25px"
    padding="0 5%"
  >
    <Box
      alignItems="flex-start"
      grow={1}
      justifyContent="center"
      margin="20px 0 30px"
      width="100%"
    >
      <SearchBar />
    </Box>
    <SearchResult />
  </Box>
</Fragment>
`;
