// Jest Snapshot v1, https://goo.gl/fbAQLP

exports[`Card should render 1`] = `
<div
  className="Card"
>
  Something to display
</div>
`;
