// Jest Snapshot v1, https://goo.gl/fbAQLP

exports[`Button should render 1`] = `
<button
  className="Button"
  type="button"
>
  __BUTTON_NAME__
</button>
`;
