// Jest Snapshot v1, https://goo.gl/fbAQLP

exports[`Input renders 1`] = `
<input
  className="Input"
  placeholder="__PLACEHOLDER__"
  type="text"
/>
`;
