// Jest Snapshot v1, https://goo.gl/fbAQLP

exports[`Button renders 1`] = `
<button
  type="button"
>
  __BUTTON_NAME__
</button>
`;
