// Jest Snapshot v1, https://goo.gl/fbAQLP

exports[`Header renders 1`] = `
<Box
  alignItems="center"
  height="60px"
>
  <header>
    <Text
      color="MAIN_RED"
      fontSize="fs400"
      fontWeight="fw700"
    >
      compare
    </Text>
  </header>
</Box>
`;
