// Jest Snapshot v1, https://goo.gl/fbAQLP

exports[`colors renders 1`] = `
Object {
  "BACKGROUND": "var(--backgound)",
  "BODY_TEXT": "var(--body-text)",
  "BORDER": "var(--border)",
  "BORDER_DARK": "var(--border-dark)",
  "BORDER_GRAY": "var(--border-gray)",
  "BUTTON_HOVER": "var(--button-hover)",
  "BUTTON_PRIMARY": "var(--button-primary)",
  "BUTTON_SECONDARY": "var(--button-secondary)",
  "ERROR": "var(--error)",
  "MAIN": "var(--main)",
  "MAIN_DARK": "var(--main-dark)",
  "SHADOW_COLOR": "var(--shadow-color)",
  "SUCCESS": "var(--success)",
  "WHITE": "var(--white)",
}
`;
